Microsoft Windows [Version 10.0.18362.1016]
(c) 2019 Microsoft Corporation. All rights reserved.

C:\Users\Priyansha>cd Documents\IT assignment

C:\Users\Priyansha\Documents\IT assignment>git init
Initialized empty Git repository in C:/Users/Priyansha/Documents/IT assignment/.git/

C:\Users\Priyansha\Documents\IT assignment>git add .
warning: LF will be replaced by CRLF in Week3/log.txt.
The file will have its original line endings in your working directory
warning: LF will be replaced by CRLF in Week5/Exercise1.html.
The file will have its original line endings in your working directory
warning: LF will be replaced by CRLF in Week5/Exercise2.html.
The file will have its original line endings in your working directory
warning: LF will be replaced by CRLF in Week5/Exercise3.1.html.
The file will have its original line endings in your working directory
warning: LF will be replaced by CRLF in Week5/Exercise3.html.
The file will have its original line endings in your working directory
warning: LF will be replaced by CRLF in Week6/BusDetails.html.
The file will have its original line endings in your working directory
warning: LF will be replaced by CRLF in Week6/Exercise1.html.
The file will have its original line endings in your working directory
warning: LF will be replaced by CRLF in Week6/about.html.
The file will have its original line endings in your working directory
warning: LF will be replaced by CRLF in Week6/home.html.
The file will have its original line endings in your working directory
warning: LF will be replaced by CRLF in Week7/exercise1.html.
The file will have its original line endings in your working directory
warning: LF will be replaced by CRLF in Week7/exercise2.html.
The file will have its original line endings in your working directory

C:\Users\Priyansha\Documents\IT assignment>git add
Nothing specified, nothing added.
hint: Maybe you wanted to say 'git add .'?
hint: Turn this message off by running
hint: "git config advice.addEmptyPathspec false"

C:\Users\Priyansha\Documents\IT assignment>git add.
git: 'add.' is not a git command. See 'git --help'.

The most similar command is
        add

C:\Users\Priyansha\Documents\IT assignment>git status
On branch master

No commits yet

Changes to be committed:
  (use "git rm --cached <file>..." to unstage)
        new file:   Week3/log.txt
        new file:   Week4/mockup1.png
        new file:   Week4/mockup2.png
        new file:   Week5/Exercise1.html
        new file:   Week5/Exercise2.html
        new file:   Week5/Exercise3.1.html
        new file:   Week5/Exercise3.html
        new file:   Week5/aesthetic1.jpg
        new file:   Week5/aesthetic2.jpg
        new file:   Week6/BusDetails.html
        new file:   Week6/Exercise1.html
        new file:   Week6/about.html
        new file:   Week6/google.png
        new file:   Week6/home.html
        new file:   Week6/picture1.jpeg
        new file:   Week6/picture2.jpg
        new file:   Week6/picture3.jpg
        new file:   Week6/picture4.jpg
        new file:   Week7/exercise1.html
        new file:   Week7/exercise2.html


C:\Users\Priyansha\Documents\IT assignment>git commit -m
error: switch `m' requires a value

C:\Users\Priyansha\Documents\IT assignment>git commit -m "weekly assignments"
[master (root-commit) eec7632] weekly assignments
 20 files changed, 560 insertions(+)
 create mode 100644 Week3/log.txt
 create mode 100644 Week4/mockup1.png
 create mode 100644 Week4/mockup2.png
 create mode 100644 Week5/Exercise1.html
 create mode 100644 Week5/Exercise2.html
 create mode 100644 Week5/Exercise3.1.html
 create mode 100644 Week5/Exercise3.html
 create mode 100644 Week5/aesthetic1.jpg
 create mode 100644 Week5/aesthetic2.jpg
 create mode 100644 Week6/BusDetails.html
 create mode 100644 Week6/Exercise1.html
 create mode 100644 Week6/about.html
 create mode 100644 Week6/google.png
 create mode 100644 Week6/home.html
 create mode 100644 Week6/picture1.jpeg
 create mode 100644 Week6/picture2.jpg
 create mode 100644 Week6/picture3.jpg
 create mode 100644 Week6/picture4.jpg
 create mode 100644 Week7/exercise1.html
 create mode 100644 Week7/exercise2.html

C:\Users\Priyansha\Documents\IT assignment>git remote add origin https://github.com/PriyanshaK/Assignments.git

C:\Users\Priyansha\Documents\IT assignment>git push -u origin master
Enumerating objects: 27, done.
Counting objects: 100% (27/27), done.
Delta compression using up to 8 threads
Compressing objects: 100% (26/26), done.
Writing objects: 100% (27/27), 795.44 KiB | 4.44 MiB/s, done.
Total 27 (delta 1), reused 0 (delta 0), pack-reused 0
remote: Resolving deltas: 100% (1/1), done.
To https://github.com/PriyanshaK/Assignments.git
 * [new branch]      master -> master
Branch 'master' set up to track remote branch 'master' from 'origin'.

C:\Users\Priyansha\Documents\IT assignment>git push origin master
Everything up-to-date

C:\Users\Priyansha\Documents\IT assignment>git status
On branch master
Your branch is up to date with 'origin/master'.

nothing to commit, working tree clean

C:\Users\Priyansha\Documents\IT assignment>